Archive member included to satisfy reference by file (symbol)

c:/st/stm32cubeide_1.3.0/stm32cubeide/plugins/com.st.stm32cube.ide.mcu.externaltools.gnu-tools-for-stm32.7-2018-q2-update.win32_1.0.0.201904181610/tools/bin/../lib/gcc/arm-none-eabi/7.3.1/../../../../arm-none-eabi/lib/thumb/v7-m\libc_nano.a(lib_a-errno.o)
                              Core/Src/syscalls.o (__errno)
c:/st/stm32cubeide_1.3.0/stm32cubeide/plugins/com.st.stm32cube.ide.mcu.externaltools.gnu-tools-for-stm32.7-2018-q2-update.win32_1.0.0.201904181610/tools/bin/../lib/gcc/arm-none-eabi/7.3.1/../../../../arm-none-eabi/lib/thumb/v7-m\libc_nano.a(lib_a-exit.o)
                              c:/st/stm32cubeide_1.3.0/stm32cubeide/plugins/com.st.stm32cube.ide.mcu.externaltools.gnu-tools-for-stm32.7-2018-q2-update.win32_1.0.0.201904181610/tools/bin/../lib/gcc/arm-none-eabi/7.3.1/../../../../arm-none-eabi/lib/thumb/v7-m/crt0.o (exit)
c:/st/stm32cubeide_1.3.0/stm32cubeide/plugins/com.st.stm32cube.ide.mcu.externaltools.gnu-tools-for-stm32.7-2018-q2-update.win32_1.0.0.201904181610/tools/bin/../lib/gcc/arm-none-eabi/7.3.1/../../../../arm-none-eabi/lib/thumb/v7-m\libc_nano.a(lib_a-impure.o)
                              c:/st/stm32cubeide_1.3.0/stm32cubeide/plugins/com.st.stm32cube.ide.mcu.externaltools.gnu-tools-for-stm32.7-2018-q2-update.win32_1.0.0.201904181610/tools/bin/../lib/gcc/arm-none-eabi/7.3.1/../../../../arm-none-eabi/lib/thumb/v7-m\libc_nano.a(lib_a-exit.o) (_global_impure_ptr)
c:/st/stm32cubeide_1.3.0/stm32cubeide/plugins/com.st.stm32cube.ide.mcu.externaltools.gnu-tools-for-stm32.7-2018-q2-update.win32_1.0.0.201904181610/tools/bin/../lib/gcc/arm-none-eabi/7.3.1/../../../../arm-none-eabi/lib/thumb/v7-m\libc_nano.a(lib_a-init.o)
                              c:/st/stm32cubeide_1.3.0/stm32cubeide/plugins/com.st.stm32cube.ide.mcu.externaltools.gnu-tools-for-stm32.7-2018-q2-update.win32_1.0.0.201904181610/tools/bin/../lib/gcc/arm-none-eabi/7.3.1/../../../../arm-none-eabi/lib/thumb/v7-m/crt0.o (__libc_init_array)
c:/st/stm32cubeide_1.3.0/stm32cubeide/plugins/com.st.stm32cube.ide.mcu.externaltools.gnu-tools-for-stm32.7-2018-q2-update.win32_1.0.0.201904181610/tools/bin/../lib/gcc/arm-none-eabi/7.3.1/../../../../arm-none-eabi/lib/thumb/v7-m\libc_nano.a(lib_a-memset.o)
                              c:/st/stm32cubeide_1.3.0/stm32cubeide/plugins/com.st.stm32cube.ide.mcu.externaltools.gnu-tools-for-stm32.7-2018-q2-update.win32_1.0.0.201904181610/tools/bin/../lib/gcc/arm-none-eabi/7.3.1/../../../../arm-none-eabi/lib/thumb/v7-m/crt0.o (memset)
c:/st/stm32cubeide_1.3.0/stm32cubeide/plugins/com.st.stm32cube.ide.mcu.externaltools.gnu-tools-for-stm32.7-2018-q2-update.win32_1.0.0.201904181610/tools/bin/../lib/gcc/arm-none-eabi/7.3.1/thumb/v7-m\libgcc.a(_aeabi_uldivmod.o)
                              Drivers/STM32F1xx_HAL_Driver/Src/stm32f1xx_hal_rcc.o (__aeabi_uldivmod)
c:/st/stm32cubeide_1.3.0/stm32cubeide/plugins/com.st.stm32cube.ide.mcu.externaltools.gnu-tools-for-stm32.7-2018-q2-update.win32_1.0.0.201904181610/tools/bin/../lib/gcc/arm-none-eabi/7.3.1/thumb/v7-m\libgcc.a(_udivmoddi4.o)
                              c:/st/stm32cubeide_1.3.0/stm32cubeide/plugins/com.st.stm32cube.ide.mcu.externaltools.gnu-tools-for-stm32.7-2018-q2-update.win32_1.0.0.201904181610/tools/bin/../lib/gcc/arm-none-eabi/7.3.1/thumb/v7-m\libgcc.a(_aeabi_uldivmod.o) (__udivmoddi4)
c:/st/stm32cubeide_1.3.0/stm32cubeide/plugins/com.st.stm32cube.ide.mcu.externaltools.gnu-tools-for-stm32.7-2018-q2-update.win32_1.0.0.201904181610/tools/bin/../lib/gcc/arm-none-eabi/7.3.1/thumb/v7-m\libgcc.a(_dvmd_tls.o)
                              c:/st/stm32cubeide_1.3.0/stm32cubeide/plugins/com.st.stm32cube.ide.mcu.externaltools.gnu-tools-for-stm32.7-2018-q2-update.win32_1.0.0.201904181610/tools/bin/../lib/gcc/arm-none-eabi/7.3.1/thumb/v7-m\libgcc.a(_aeabi_uldivmod.o) (__aeabi_ldiv0)

Allocating common symbols
Common symbol       size              file

uwTick              0x4               Drivers/STM32F1xx_HAL_Driver/Src/stm32f1xx_hal.o
pFlash              0x20              Drivers/STM32F1xx_HAL_Driver/Src/stm32f1xx_hal_flash.o
hrtc                0x14              Core/Src/main.o
htim1               0x40              Core/Src/main.o

Discarded input sections

 .text          0x0000000000000000        0x0 c:/st/stm32cubeide_1.3.0/stm32cubeide/plugins/com.st.stm32cube.ide.mcu.externaltools.gnu-tools-for-stm32.7-2018-q2-update.win32_1.0.0.201904181610/tools/bin/../lib/gcc/arm-none-eabi/7.3.1/thumb/v7-m/crti.o
 .data          0x0000000000000000        0x0 c:/st/stm32cubeide_1.3.0/stm32cubeide/plugins/com.st.stm32cube.ide.mcu.externaltools.gnu-tools-for-stm32.7-2018-q2-update.win32_1.0.0.201904181610/tools/bin/../lib/gcc/arm-none-eabi/7.3.1/thumb/v7-m/crti.o
[...]
Memory Configuration

Name             Origin             Length             Attributes
RAM              0x0000000020000000 0x0000000000010000 xrw
FLASH            0x0000000008000000 0x0000000000040000 xr
*default*        0x0000000000000000 0xffffffffffffffff

Linker script and memory map

LOAD c:/st/stm32cubeide_1.3.0/stm32cubeide/plugins/com.st.stm32cube.ide.mcu.externaltools.gnu-tools-for-stm32.7-2018-q2-update.win32_1.0.0.201904181610/tools/bin/../lib/gcc/arm-none-eabi/7.3.1/thumb/v7-m/crti.o
LOAD c:/st/stm32cubeide_1.3.0/stm32cubeide/plugins/com.st.stm32cube.ide.mcu.externaltools.gnu-tools-for-stm32.7-2018-q2-update.win32_1.0.0.201904181610/tools/bin/../lib/gcc/arm-none-eabi/7.3.1/thumb/v7-m/crtbegin.o
LOAD c:/st/stm32cubeide_1.3.0/stm32cubeide/plugins/com.st.stm32cube.ide.mcu.externaltools.gnu-tools-for-stm32.7-2018-q2-update.win32_1.0.0.201904181610/tools/bin/../lib/gcc/arm-none-eabi/7.3.1/../../../../arm-none-eabi/lib/thumb/v7-m/crt0.o
LOAD Core/Src/main.o
LOAD Core/Src/stm32f1xx_hal_msp.o
LOAD Core/Src/stm32f1xx_it.o
LOAD Core/Src/syscalls.o
LOAD Core/Src/sysmem.o
LOAD Core/Src/system_stm32f1xx.o
LOAD Core/Startup/startup_stm32f107vctx.o
LOAD Drivers/STM32F1xx_HAL_Driver/Src/stm32f1xx_hal.o
LOAD Drivers/STM32F1xx_HAL_Driver/Src/stm32f1xx_hal_cortex.o
LOAD Drivers/STM32F1xx_HAL_Driver/Src/stm32f1xx_hal_dma.o
LOAD Drivers/STM32F1xx_HAL_Driver/Src/stm32f1xx_hal_exti.o
LOAD Drivers/STM32F1xx_HAL_Driver/Src/stm32f1xx_hal_flash.o
LOAD Drivers/STM32F1xx_HAL_Driver/Src/stm32f1xx_hal_flash_ex.o
LOAD Drivers/STM32F1xx_HAL_Driver/Src/stm32f1xx_hal_gpio.o
LOAD Drivers/STM32F1xx_HAL_Driver/Src/stm32f1xx_hal_gpio_ex.o
LOAD Drivers/STM32F1xx_HAL_Driver/Src/stm32f1xx_hal_pwr.o
LOAD Drivers/STM32F1xx_HAL_Driver/Src/stm32f1xx_hal_rcc.o
LOAD Drivers/STM32F1xx_HAL_Driver/Src/stm32f1xx_hal_rcc_ex.o
LOAD Drivers/STM32F1xx_HAL_Driver/Src/stm32f1xx_hal_rtc.o
LOAD Drivers/STM32F1xx_HAL_Driver/Src/stm32f1xx_hal_rtc_ex.o
LOAD Drivers/STM32F1xx_HAL_Driver/Src/stm32f1xx_hal_tim.o
LOAD Drivers/STM32F1xx_HAL_Driver/Src/stm32f1xx_hal_tim_ex.o
START GROUP
LOAD c:/st/stm32cubeide_1.3.0/stm32cubeide/plugins/com.st.stm32cube.ide.mcu.externaltools.gnu-tools-for-stm32.7-2018-q2-update.win32_1.0.0.201904181610/tools/bin/../lib/gcc/arm-none-eabi/7.3.1/../../../../arm-none-eabi/lib/thumb/v7-m\libc_nano.a
LOAD c:/st/stm32cubeide_1.3.0/stm32cubeide/plugins/com.st.stm32cube.ide.mcu.externaltools.gnu-tools-for-stm32.7-2018-q2-update.win32_1.0.0.201904181610/tools/bin/../lib/gcc/arm-none-eabi/7.3.1/../../../../arm-none-eabi/lib/thumb/v7-m\libm.a
END GROUP
START GROUP
LOAD c:/st/stm32cubeide_1.3.0/stm32cubeide/plugins/com.st.stm32cube.ide.mcu.externaltools.gnu-tools-for-stm32.7-2018-q2-update.win32_1.0.0.201904181610/tools/bin/../lib/gcc/arm-none-eabi/7.3.1/thumb/v7-m\libgcc.a
LOAD c:/st/stm32cubeide_1.3.0/stm32cubeide/plugins/com.st.stm32cube.ide.mcu.externaltools.gnu-tools-for-stm32.7-2018-q2-update.win32_1.0.0.201904181610/tools/bin/../lib/gcc/arm-none-eabi/7.3.1/../../../../arm-none-eabi/lib/thumb/v7-m\libc_nano.a
END GROUP
START GROUP
LOAD c:/st/stm32cubeide_1.3.0/stm32cubeide/plugins/com.st.stm32cube.ide.mcu.externaltools.gnu-tools-for-stm32.7-2018-q2-update.win32_1.0.0.201904181610/tools/bin/../lib/gcc/arm-none-eabi/7.3.1/thumb/v7-m\libgcc.a
LOAD c:/st/stm32cubeide_1.3.0/stm32cubeide/plugins/com.st.stm32cube.ide.mcu.externaltools.gnu-tools-for-stm32.7-2018-q2-update.win32_1.0.0.201904181610/tools/bin/../lib/gcc/arm-none-eabi/7.3.1/../../../../arm-none-eabi/lib/thumb/v7-m\libc_nano.a
LOAD c:/st/stm32cubeide_1.3.0/stm32cubeide/plugins/com.st.stm32cube.ide.mcu.externaltools.gnu-tools-for-stm32.7-2018-q2-update.win32_1.0.0.201904181610/tools/bin/../lib/gcc/arm-none-eabi/7.3.1/../../../../arm-none-eabi/lib/thumb/v7-m\libnosys.a
END GROUP
START GROUP
LOAD c:/st/stm32cubeide_1.3.0/stm32cubeide/plugins/com.st.stm32cube.ide.mcu.externaltools.gnu-tools-for-stm32.7-2018-q2-update.win32_1.0.0.201904181610/tools/bin/../lib/gcc/arm-none-eabi/7.3.1/thumb/v7-m\libgcc.a
LOAD c:/st/stm32cubeide_1.3.0/stm32cubeide/plugins/com.st.stm32cube.ide.mcu.externaltools.gnu-tools-for-stm32.7-2018-q2-update.win32_1.0.0.201904181610/tools/bin/../lib/gcc/arm-none-eabi/7.3.1/../../../../arm-none-eabi/lib/thumb/v7-m\libc_nano.a
LOAD c:/st/stm32cubeide_1.3.0/stm32cubeide/plugins/com.st.stm32cube.ide.mcu.externaltools.gnu-tools-for-stm32.7-2018-q2-update.win32_1.0.0.201904181610/tools/bin/../lib/gcc/arm-none-eabi/7.3.1/../../../../arm-none-eabi/lib/thumb/v7-m\libnosys.a
END GROUP
LOAD c:/st/stm32cubeide_1.3.0/stm32cubeide/plugins/com.st.stm32cube.ide.mcu.externaltools.gnu-tools-for-stm32.7-2018-q2-update.win32_1.0.0.201904181610/tools/bin/../lib/gcc/arm-none-eabi/7.3.1/thumb/v7-m/crtend.o
LOAD c:/st/stm32cubeide_1.3.0/stm32cubeide/plugins/com.st.stm32cube.ide.mcu.externaltools.gnu-tools-for-stm32.7-2018-q2-update.win32_1.0.0.201904181610/tools/bin/../lib/gcc/arm-none-eabi/7.3.1/thumb/v7-m/crtn.o
                0x0000000020010000                _estack = (ORIGIN (RAM) + LENGTH (RAM))
                0x0000000000000200                _Min_Heap_Size = 0x200
                0x0000000000000400                _Min_Stack_Size = 0x400

.isr_vector     0x0000000008000000      0x1e4
                0x0000000008000000                . = ALIGN (0x4)
 *(.isr_vector)
 .isr_vector    0x0000000008000000      0x1e4 Core/Startup/startup_stm32f107vctx.o
                0x0000000008000000                g_pfnVectors
                0x00000000080001e4                . = ALIGN (0x4)

.text           0x00000000080001e4     0x4154
                0x00000000080001e4                . = ALIGN (0x4)
 *(.text)
 .text          0x00000000080001e4       0x40 c:/st/stm32cubeide_1.3.0/stm32cubeide/plugins/com.st.stm32cube.ide.mcu.externaltools.gnu-tools-for-stm32.7-2018-q2-update.win32_1.0.0.201904181610/tools/bin/../lib/gcc/arm-none-eabi/7.3.1/thumb/v7-m/crtbegin.o
 .text          0x0000000008000224       0x30 c:/st/stm32cubeide_1.3.0/stm32cubeide/plugins/com.st.stm32cube.ide.mcu.externaltools.gnu-tools-for-stm32.7-2018-q2-update.win32_1.0.0.201904181610/tools/bin/../lib/gcc/arm-none-eabi/7.3.1/thumb/v7-m\libgcc.a(_aeabi_uldivmod.o)
                0x0000000008000224                __aeabi_uldivmod
 .text          0x0000000008000254      0x2d0 c:/st/stm32cubeide_1.3.0/stm32cubeide/plugins/com.st.stm32cube.ide.mcu.externaltools.gnu-tools-for-stm32.7-2018-q2-update.win32_1.0.0.201904181610/tools/bin/../lib/gcc/arm-none-eabi/7.3.1/thumb/v7-m\libgcc.a(_udivmoddi4.o)
                0x0000000008000254                __udivmoddi4
 .text          0x0000000008000524        0x4 c:/st/stm32cubeide_1.3.0/stm32cubeide/plugins/com.st.stm32cube.ide.mcu.externaltools.gnu-tools-for-stm32.7-2018-q2-update.win32_1.0.0.201904181610/tools/bin/../lib/gcc/arm-none-eabi/7.3.1/thumb/v7-m\libgcc.a(_dvmd_tls.o)
                0x0000000008000524                __aeabi_idiv0
                0x0000000008000524                __aeabi_ldiv0
 *(.text*)
 .text.main     0x0000000008000528      0x518 Core/Src/main.o
                0x0000000008000528                main
 .text.SystemClock_Config
                0x0000000008000a40       0xc4 Core/Src/main.o
                0x0000000008000a40                SystemClock_Config
 .text.MX_RTC_Init
                0x0000000008000b04       0xc8 Core/Src/main.o
 .text.MX_TIM1_Init
                0x0000000008000bcc      0x140 Core/Src/main.o
 .text.MX_GPIO_Init
                0x0000000008000d0c      0x148 Core/Src/main.o
 .text.HAL_GPIO_EXTI_Callback
                0x0000000008000e54      0x118 Core/Src/main.o
                0x0000000008000e54                HAL_GPIO_EXTI_Callback
 .text.Error_Handler
                0x0000000008000f6c        0xc Core/Src/main.o
                0x0000000008000f6c                Error_Handler
 .text.HAL_MspInit
                0x0000000008000f78       0x64 Core/Src/stm32f1xx_hal_msp.o
                0x0000000008000f78                HAL_MspInit
 .text.HAL_RTC_MspInit
                0x0000000008000fdc       0x68 Core/Src/stm32f1xx_hal_msp.o
                0x0000000008000fdc                HAL_RTC_MspInit
 .text.HAL_TIM_Base_MspInit
                0x0000000008001044       0x3c Core/Src/stm32f1xx_hal_msp.o
                0x0000000008001044                HAL_TIM_Base_MspInit
 .text.HAL_TIM_MspPostInit
                0x0000000008001080       0x90 Core/Src/stm32f1xx_hal_msp.o
                0x0000000008001080                HAL_TIM_MspPostInit
 .text.NMI_Handler
                0x0000000008001110        0xc Core/Src/stm32f1xx_it.o
                0x0000000008001110                NMI_Handler
 .text.HardFault_Handler
                0x000000000800111c        0x6 Core/Src/stm32f1xx_it.o
                0x000000000800111c                HardFault_Handler
 .text.MemManage_Handler
                0x0000000008001122        0x6 Core/Src/stm32f1xx_it.o
                0x0000000008001122                MemManage_Handler
 .text.BusFault_Handler
                0x0000000008001128        0x6 Core/Src/stm32f1xx_it.o
                0x0000000008001128                BusFault_Handler
 .text.UsageFault_Handler
                0x000000000800112e        0x6 Core/Src/stm32f1xx_it.o
                0x000000000800112e                UsageFault_Handler
 .text.SVC_Handler
                0x0000000008001134        0xc Core/Src/stm32f1xx_it.o
                0x0000000008001134                SVC_Handler
 .text.DebugMon_Handler
                0x0000000008001140        0xc Core/Src/stm32f1xx_it.o
                0x0000000008001140                DebugMon_Handler
 .text.PendSV_Handler
                0x000000000800114c        0xc Core/Src/stm32f1xx_it.o
                0x000000000800114c                PendSV_Handler
 .text.SysTick_Handler
                0x0000000008001158        0xc Core/Src/stm32f1xx_it.o
                0x0000000008001158                SysTick_Handler
 .text.RTC_IRQHandler
                0x0000000008001164       0x14 Core/Src/stm32f1xx_it.o
                0x0000000008001164                RTC_IRQHandler
 .text.EXTI9_5_IRQHandler
                0x0000000008001178       0x18 Core/Src/stm32f1xx_it.o
                0x0000000008001178                EXTI9_5_IRQHandler
 .text.EXTI15_10_IRQHandler
                0x0000000008001190       0x30 Core/Src/stm32f1xx_it.o
                0x0000000008001190                EXTI15_10_IRQHandler
 .text.RTC_Alarm_IRQHandler
                0x00000000080011c0       0x14 Core/Src/stm32f1xx_it.o
                0x00000000080011c0                RTC_Alarm_IRQHandler
 .text.SystemInit
                0x00000000080011d4       0x7c Core/Src/system_stm32f1xx.o
                0x00000000080011d4                SystemInit
 .text.Reset_Handler
                0x0000000008001250       0x48 Core/Startup/startup_stm32f107vctx.o
                0x0000000008001250                Reset_Handler
 .text.Default_Handler
                0x0000000008001298        0x2 Core/Startup/startup_stm32f107vctx.o
                0x0000000008001298                EXTI2_IRQHandler
                0x0000000008001298                TIM1_CC_IRQHandler
                0x0000000008001298                TIM6_IRQHandler
                0x0000000008001298                PVD_IRQHandler
                0x0000000008001298                CAN2_RX1_IRQHandler
                0x0000000008001298                EXTI3_IRQHandler
                0x0000000008001298                EXTI0_IRQHandler
                0x0000000008001298                I2C2_EV_IRQHandler
                0x0000000008001298                CAN1_RX0_IRQHandler
                0x0000000008001298                CAN2_SCE_IRQHandler
                0x0000000008001298                ADC1_2_IRQHandler
                0x0000000008001298                SPI1_IRQHandler
                0x0000000008001298                TAMPER_IRQHandler
                0x0000000008001298                CAN2_RX0_IRQHandler
                0x0000000008001298                DMA2_Channel2_IRQHandler
                0x0000000008001298                DMA1_Channel4_IRQHandler
                0x0000000008001298                USART3_IRQHandler
                0x0000000008001298                DMA1_Channel7_IRQHandler
                0x0000000008001298                CAN1_RX1_IRQHandler
                0x0000000008001298                UART5_IRQHandler
                0x0000000008001298                TIM4_IRQHandler
                0x0000000008001298                DMA2_Channel1_IRQHandler
                0x0000000008001298                I2C1_EV_IRQHandler
                0x0000000008001298                DMA1_Channel6_IRQHandler
                0x0000000008001298                UART4_IRQHandler
                0x0000000008001298                DMA2_Channel4_IRQHandler
                0x0000000008001298                TIM3_IRQHandler
                0x0000000008001298                RCC_IRQHandler
                0x0000000008001298                TIM1_TRG_COM_IRQHandler
                0x0000000008001298                DMA1_Channel1_IRQHandler
                0x0000000008001298                Default_Handler
                0x0000000008001298                TIM7_IRQHandler
                0x0000000008001298                CAN2_TX_IRQHandler
                0x0000000008001298                TIM5_IRQHandler
                0x0000000008001298                ETH_WKUP_IRQHandler
                0x0000000008001298                SPI2_IRQHandler
                0x0000000008001298                CAN1_TX_IRQHandler
                0x0000000008001298                DMA2_Channel5_IRQHandler
                0x0000000008001298                DMA1_Channel5_IRQHandler
                0x0000000008001298                EXTI4_IRQHandler
                0x0000000008001298                DMA1_Channel3_IRQHandler
                0x0000000008001298                ETH_IRQHandler
                0x0000000008001298                TIM1_UP_IRQHandler
                0x0000000008001298                WWDG_IRQHandler
                0x0000000008001298                TIM2_IRQHandler
                0x0000000008001298                OTG_FS_WKUP_IRQHandler
                0x0000000008001298                TIM1_BRK_IRQHandler
                0x0000000008001298                EXTI1_IRQHandler
                0x0000000008001298                USART2_IRQHandler
                0x0000000008001298                I2C2_ER_IRQHandler
                0x0000000008001298                DMA1_Channel2_IRQHandler
                0x0000000008001298                CAN1_SCE_IRQHandler
                0x0000000008001298                FLASH_IRQHandler
                0x0000000008001298                USART1_IRQHandler
                0x0000000008001298                OTG_FS_IRQHandler
                0x0000000008001298                SPI3_IRQHandler
                0x0000000008001298                I2C1_ER_IRQHandler
                0x0000000008001298                DMA2_Channel3_IRQHandler
 *fill*         0x000000000800129a        0x2 
 .text.HAL_Init
                0x000000000800129c       0x2c Drivers/STM32F1xx_HAL_Driver/Src/stm32f1xx_hal.o
                0x000000000800129c                HAL_Init
 .text.HAL_InitTick
                0x00000000080012c8       0x60 Drivers/STM32F1xx_HAL_Driver/Src/stm32f1xx_hal.o
                0x00000000080012c8                HAL_InitTick
 .text.HAL_IncTick
                0x0000000008001328       0x24 Drivers/STM32F1xx_HAL_Driver/Src/stm32f1xx_hal.o
                0x0000000008001328                HAL_IncTick
 .text.HAL_GetTick
                0x000000000800134c       0x14 Drivers/STM32F1xx_HAL_Driver/Src/stm32f1xx_hal.o
                0x000000000800134c                HAL_GetTick
 .text.HAL_Delay
                0x0000000008001360       0x44 Drivers/STM32F1xx_HAL_Driver/Src/stm32f1xx_hal.o
                0x0000000008001360                HAL_Delay
 .text.__NVIC_SetPriorityGrouping
                0x00000000080013a4       0x48 Drivers/STM32F1xx_HAL_Driver/Src/stm32f1xx_hal_cortex.o
 .text.__NVIC_GetPriorityGrouping
                0x00000000080013ec       0x1c Drivers/STM32F1xx_HAL_Driver/Src/stm32f1xx_hal_cortex.o
 .text.__NVIC_EnableIRQ
                0x0000000008001408       0x38 Drivers/STM32F1xx_HAL_Driver/Src/stm32f1xx_hal_cortex.o
 .text.__NVIC_SetPriority
                0x0000000008001440       0x54 Drivers/STM32F1xx_HAL_Driver/Src/stm32f1xx_hal_cortex.o
 .text.NVIC_EncodePriority
                0x0000000008001494       0x64 Drivers/STM32F1xx_HAL_Driver/Src/stm32f1xx_hal_cortex.o
 .text.SysTick_Config
                0x00000000080014f8       0x44 Drivers/STM32F1xx_HAL_Driver/Src/stm32f1xx_hal_cortex.o
 .text.HAL_NVIC_SetPriorityGrouping
                0x000000000800153c       0x16 Drivers/STM32F1xx_HAL_Driver/Src/stm32f1xx_hal_cortex.o
                0x000000000800153c                HAL_NVIC_SetPriorityGrouping
 .text.HAL_NVIC_SetPriority
                0x0000000008001552       0x38 Drivers/STM32F1xx_HAL_Driver/Src/stm32f1xx_hal_cortex.o
                0x0000000008001552                HAL_NVIC_SetPriority
 .text.HAL_NVIC_EnableIRQ
                0x000000000800158a       0x1c Drivers/STM32F1xx_HAL_Driver/Src/stm32f1xx_hal_cortex.o
                0x000000000800158a                HAL_NVIC_EnableIRQ
 .text.HAL_SYSTICK_Config
                0x00000000080015a6       0x18 Drivers/STM32F1xx_HAL_Driver/Src/stm32f1xx_hal_cortex.o
                0x00000000080015a6                HAL_SYSTICK_Config
 *fill*         0x00000000080015be        0x2 
 .text.HAL_GPIO_Init
                0x00000000080015c0      0x2b4 Drivers/STM32F1xx_HAL_Driver/Src/stm32f1xx_hal_gpio.o
                0x00000000080015c0                HAL_GPIO_Init
 .text.HAL_GPIO_WritePin
                0x0000000008001874       0x30 Drivers/STM32F1xx_HAL_Driver/Src/stm32f1xx_hal_gpio.o
                0x0000000008001874                HAL_GPIO_WritePin
 .text.HAL_GPIO_EXTI_IRQHandler
                0x00000000080018a4       0x30 Drivers/STM32F1xx_HAL_Driver/Src/stm32f1xx_hal_gpio.o
                0x00000000080018a4                HAL_GPIO_EXTI_IRQHandler
 .text.HAL_PWR_EnableBkUpAccess
                0x00000000080018d4       0x18 Drivers/STM32F1xx_HAL_Driver/Src/stm32f1xx_hal_pwr.o
                0x00000000080018d4                HAL_PWR_EnableBkUpAccess
 .text.HAL_RCC_OscConfig
                0x00000000080018ec      0x62c Drivers/STM32F1xx_HAL_Driver/Src/stm32f1xx_hal_rcc.o
                0x00000000080018ec                HAL_RCC_OscConfig
 .text.HAL_RCC_ClockConfig
                0x0000000008001f18      0x1d4 Drivers/STM32F1xx_HAL_Driver/Src/stm32f1xx_hal_rcc.o
                0x0000000008001f18                HAL_RCC_ClockConfig
 .text.HAL_RCC_GetSysClockFreq
                0x00000000080020ec      0x1c8 Drivers/STM32F1xx_HAL_Driver/Src/stm32f1xx_hal_rcc.o
                0x00000000080020ec                HAL_RCC_GetSysClockFreq
 .text.HAL_RCC_GetHCLKFreq
                0x00000000080022b4       0x14 Drivers/STM32F1xx_HAL_Driver/Src/stm32f1xx_hal_rcc.o
                0x00000000080022b4                HAL_RCC_GetHCLKFreq
 .text.HAL_RCC_GetPCLK2Freq
                0x00000000080022c8       0x28 Drivers/STM32F1xx_HAL_Driver/Src/stm32f1xx_hal_rcc.o
                0x00000000080022c8                HAL_RCC_GetPCLK2Freq
 .text.RCC_Delay
                0x00000000080022f0       0x3c Drivers/STM32F1xx_HAL_Driver/Src/stm32f1xx_hal_rcc.o
 .text.HAL_RCCEx_PeriphCLKConfig
                0x000000000800232c      0x264 Drivers/STM32F1xx_HAL_Driver/Src/stm32f1xx_hal_rcc_ex.o
                0x000000000800232c                HAL_RCCEx_PeriphCLKConfig
 .text.HAL_RCCEx_GetPeriphCLKFreq
                0x0000000008002590      0x2c8 Drivers/STM32F1xx_HAL_Driver/Src/stm32f1xx_hal_rcc_ex.o
                0x0000000008002590                HAL_RCCEx_GetPeriphCLKFreq
 .text.HAL_RTC_Init
                0x0000000008002858      0x12c Drivers/STM32F1xx_HAL_Driver/Src/stm32f1xx_hal_rtc.o
                0x0000000008002858                HAL_RTC_Init
 .text.HAL_RTC_SetTime
                0x0000000008002984      0x12e Drivers/STM32F1xx_HAL_Driver/Src/stm32f1xx_hal_rtc.o
                0x0000000008002984                HAL_RTC_SetTime
 *fill*         0x0000000008002ab2        0x2 
 .text.HAL_RTC_GetTime
                0x0000000008002ab4      0x1b0 Drivers/STM32F1xx_HAL_Driver/Src/stm32f1xx_hal_rtc.o
                0x0000000008002ab4                HAL_RTC_GetTime
 .text.HAL_RTC_SetDate
                0x0000000008002c64      0x16c Drivers/STM32F1xx_HAL_Driver/Src/stm32f1xx_hal_rtc.o
                0x0000000008002c64                HAL_RTC_SetDate
 .text.HAL_RTC_SetAlarm
                0x0000000008002dd0      0x132 Drivers/STM32F1xx_HAL_Driver/Src/stm32f1xx_hal_rtc.o
                0x0000000008002dd0                HAL_RTC_SetAlarm
 *fill*         0x0000000008002f02        0x2 
 .text.HAL_RTC_SetAlarm_IT
                0x0000000008002f04      0x168 Drivers/STM32F1xx_HAL_Driver/Src/stm32f1xx_hal_rtc.o
                0x0000000008002f04                HAL_RTC_SetAlarm_IT
 .text.HAL_RTC_GetAlarm
                0x000000000800306c       0xec Drivers/STM32F1xx_HAL_Driver/Src/stm32f1xx_hal_rtc.o
                0x000000000800306c                HAL_RTC_GetAlarm
 .text.HAL_RTC_AlarmIRQHandler
                0x0000000008003158       0x50 Drivers/STM32F1xx_HAL_Driver/Src/stm32f1xx_hal_rtc.o
                0x0000000008003158                HAL_RTC_AlarmIRQHandler
 .text.HAL_RTC_AlarmAEventCallback
                0x00000000080031a8       0x12 Drivers/STM32F1xx_HAL_Driver/Src/stm32f1xx_hal_rtc.o
                0x00000000080031a8                HAL_RTC_AlarmAEventCallback
 .text.HAL_RTC_WaitForSynchro
                0x00000000080031ba       0x5a Drivers/STM32F1xx_HAL_Driver/Src/stm32f1xx_hal_rtc.o
                0x00000000080031ba                HAL_RTC_WaitForSynchro
 .text.RTC_ReadTimeCounter
                0x0000000008003214       0x60 Drivers/STM32F1xx_HAL_Driver/Src/stm32f1xx_hal_rtc.o
 .text.RTC_WriteTimeCounter
                0x0000000008003274       0x4e Drivers/STM32F1xx_HAL_Driver/Src/stm32f1xx_hal_rtc.o
 .text.RTC_ReadAlarmCounter
                0x00000000080032c2       0x32 Drivers/STM32F1xx_HAL_Driver/Src/stm32f1xx_hal_rtc.o
 .text.RTC_WriteAlarmCounter
                0x00000000080032f4       0x4e Drivers/STM32F1xx_HAL_Driver/Src/stm32f1xx_hal_rtc.o
 .text.RTC_EnterInitMode
                0x0000000008003342       0x50 Drivers/STM32F1xx_HAL_Driver/Src/stm32f1xx_hal_rtc.o
 .text.RTC_ExitInitMode
                0x0000000008003392       0x50 Drivers/STM32F1xx_HAL_Driver/Src/stm32f1xx_hal_rtc.o
 .text.RTC_ByteToBcd2
                0x00000000080033e2       0x3a Drivers/STM32F1xx_HAL_Driver/Src/stm32f1xx_hal_rtc.o
 .text.RTC_Bcd2ToByte
                0x000000000800341c       0x3a Drivers/STM32F1xx_HAL_Driver/Src/stm32f1xx_hal_rtc.o
 .text.RTC_DateUpdate
                0x0000000008003456      0x152 Drivers/STM32F1xx_HAL_Driver/Src/stm32f1xx_hal_rtc.o
 .text.RTC_IsLeapYear
                0x00000000080035a8       0x64 Drivers/STM32F1xx_HAL_Driver/Src/stm32f1xx_hal_rtc.o
 .text.RTC_WeekDayNum
                0x000000000800360c       0xf0 Drivers/STM32F1xx_HAL_Driver/Src/stm32f1xx_hal_rtc.o
 .text.HAL_RTCEx_RTCIRQHandler
                0x00000000080036fc       0x68 Drivers/STM32F1xx_HAL_Driver/Src/stm32f1xx_hal_rtc_ex.o
                0x00000000080036fc                HAL_RTCEx_RTCIRQHandler
 .text.HAL_RTCEx_RTCEventCallback
                0x0000000008003764       0x12 Drivers/STM32F1xx_HAL_Driver/Src/stm32f1xx_hal_rtc_ex.o
                0x0000000008003764                HAL_RTCEx_RTCEventCallback
 .text.HAL_RTCEx_RTCEventErrorCallback
                0x0000000008003776       0x12 Drivers/STM32F1xx_HAL_Driver/Src/stm32f1xx_hal_rtc_ex.o
                0x0000000008003776                HAL_RTCEx_RTCEventErrorCallback
 .text.HAL_TIM_Base_Init
                0x0000000008003788       0x56 Drivers/STM32F1xx_HAL_Driver/Src/stm32f1xx_hal_tim.o
                0x0000000008003788                HAL_TIM_Base_Init
 .text.HAL_TIM_PWM_Init
                0x00000000080037de       0x56 Drivers/STM32F1xx_HAL_Driver/Src/stm32f1xx_hal_tim.o
                0x00000000080037de                HAL_TIM_PWM_Init
 .text.HAL_TIM_PWM_MspInit
                0x0000000008003834       0x12 Drivers/STM32F1xx_HAL_Driver/Src/stm32f1xx_hal_tim.o
                0x0000000008003834                HAL_TIM_PWM_MspInit
 *fill*         0x0000000008003846        0x2 
 .text.HAL_TIM_PWM_Start
                0x0000000008003848       0x64 Drivers/STM32F1xx_HAL_Driver/Src/stm32f1xx_hal_tim.o
                0x0000000008003848                HAL_TIM_PWM_Start
 .text.HAL_TIM_PWM_Stop
                0x00000000080038ac       0x98 Drivers/STM32F1xx_HAL_Driver/Src/stm32f1xx_hal_tim.o
                0x00000000080038ac                HAL_TIM_PWM_Stop
 .text.HAL_TIM_PWM_ConfigChannel
                0x0000000008003944      0x18c Drivers/STM32F1xx_HAL_Driver/Src/stm32f1xx_hal_tim.o
                0x0000000008003944                HAL_TIM_PWM_ConfigChannel
 .text.HAL_TIM_ConfigClockSource
                0x0000000008003ad0      0x16e Drivers/STM32F1xx_HAL_Driver/Src/stm32f1xx_hal_tim.o
                0x0000000008003ad0                HAL_TIM_ConfigClockSource
 *fill*         0x0000000008003c3e        0x2 
 .text.TIM_Base_SetConfig
                0x0000000008003c40       0xd8 Drivers/STM32F1xx_HAL_Driver/Src/stm32f1xx_hal_tim.o
                0x0000000008003c40                TIM_Base_SetConfig
 .text.TIM_OC1_SetConfig
                0x0000000008003d18       0xcc Drivers/STM32F1xx_HAL_Driver/Src/stm32f1xx_hal_tim.o
 .text.TIM_OC2_SetConfig
                0x0000000008003de4       0xd4 Drivers/STM32F1xx_HAL_Driver/Src/stm32f1xx_hal_tim.o
                0x0000000008003de4                TIM_OC2_SetConfig
 .text.TIM_OC3_SetConfig
                0x0000000008003eb8       0xd4 Drivers/STM32F1xx_HAL_Driver/Src/stm32f1xx_hal_tim.o
 .text.TIM_OC4_SetConfig
                0x0000000008003f8c       0x9c Drivers/STM32F1xx_HAL_Driver/Src/stm32f1xx_hal_tim.o
 .text.TIM_TI1_ConfigInputStage
                0x0000000008004028       0x5c Drivers/STM32F1xx_HAL_Driver/Src/stm32f1xx_hal_tim.o
 .text.TIM_TI2_ConfigInputStage
                0x0000000008004084       0x5e Drivers/STM32F1xx_HAL_Driver/Src/stm32f1xx_hal_tim.o
 .text.TIM_ITRx_SetConfig
                0x00000000080040e2       0x34 Drivers/STM32F1xx_HAL_Driver/Src/stm32f1xx_hal_tim.o
 .text.TIM_ETR_SetConfig
                0x0000000008004116       0x3e Drivers/STM32F1xx_HAL_Driver/Src/stm32f1xx_hal_tim.o
                0x0000000008004116                TIM_ETR_SetConfig
 .text.TIM_CCxChannelCmd
                0x0000000008004154       0x48 Drivers/STM32F1xx_HAL_Driver/Src/stm32f1xx_hal_tim.o
                0x0000000008004154                TIM_CCxChannelCmd
 .text.HAL_TIMEx_MasterConfigSynchronization
                0x000000000800419c       0x88 Drivers/STM32F1xx_HAL_Driver/Src/stm32f1xx_hal_tim_ex.o
                0x000000000800419c                HAL_TIMEx_MasterConfigSynchronization
 .text.HAL_TIMEx_ConfigBreakDeadTime
                0x0000000008004224       0xa2 Drivers/STM32F1xx_HAL_Driver/Src/stm32f1xx_hal_tim_ex.o
                0x0000000008004224                HAL_TIMEx_ConfigBreakDeadTime
 *fill*         0x00000000080042c6        0x2 
 .text.__libc_init_array
                0x00000000080042c8       0x48 c:/st/stm32cubeide_1.3.0/stm32cubeide/plugins/com.st.stm32cube.ide.mcu.externaltools.gnu-tools-for-stm32.7-2018-q2-update.win32_1.0.0.201904181610/tools/bin/../lib/gcc/arm-none-eabi/7.3.1/../../../../arm-none-eabi/lib/thumb/v7-m\libc_nano.a(lib_a-init.o)
                0x00000000080042c8                __libc_init_array
 .text.memset   0x0000000008004310       0x10 c:/st/stm32cubeide_1.3.0/stm32cubeide/plugins/com.st.stm32cube.ide.mcu.externaltools.gnu-tools-for-stm32.7-2018-q2-update.win32_1.0.0.201904181610/tools/bin/../lib/gcc/arm-none-eabi/7.3.1/../../../../arm-none-eabi/lib/thumb/v7-m\libc_nano.a(lib_a-memset.o)
                0x0000000008004310                memset
 *(.glue_7)
 .glue_7        0x0000000008004320        0x0 linker stubs
 *(.glue_7t)
 .glue_7t       0x0000000008004320        0x0 linker stubs
 *(.eh_frame)
 .eh_frame      0x0000000008004320        0x0 c:/st/stm32cubeide_1.3.0/stm32cubeide/plugins/com.st.stm32cube.ide.mcu.externaltools.gnu-tools-for-stm32.7-2018-q2-update.win32_1.0.0.201904181610/tools/bin/../lib/gcc/arm-none-eabi/7.3.1/thumb/v7-m/crtbegin.o
 *(.init)
 .init          0x0000000008004320        0x4 c:/st/stm32cubeide_1.3.0/stm32cubeide/plugins/com.st.stm32cube.ide.mcu.externaltools.gnu-tools-for-stm32.7-2018-q2-update.win32_1.0.0.201904181610/tools/bin/../lib/gcc/arm-none-eabi/7.3.1/thumb/v7-m/crti.o
                0x0000000008004320                _init
 .init          0x0000000008004324        0x8 c:/st/stm32cubeide_1.3.0/stm32cubeide/plugins/com.st.stm32cube.ide.mcu.externaltools.gnu-tools-for-stm32.7-2018-q2-update.win32_1.0.0.201904181610/tools/bin/../lib/gcc/arm-none-eabi/7.3.1/thumb/v7-m/crtn.o
 *(.fini)
 .fini          0x000000000800432c        0x4 c:/st/stm32cubeide_1.3.0/stm32cubeide/plugins/com.st.stm32cube.ide.mcu.externaltools.gnu-tools-for-stm32.7-2018-q2-update.win32_1.0.0.201904181610/tools/bin/../lib/gcc/arm-none-eabi/7.3.1/thumb/v7-m/crti.o
                0x000000000800432c                _fini
 .fini          0x0000000008004330        0x8 c:/st/stm32cubeide_1.3.0/stm32cubeide/plugins/com.st.stm32cube.ide.mcu.externaltools.gnu-tools-for-stm32.7-2018-q2-update.win32_1.0.0.201904181610/tools/bin/../lib/gcc/arm-none-eabi/7.3.1/thumb/v7-m/crtn.o
                0x0000000008004338                . = ALIGN (0x4)
                0x0000000008004338                _etext = .

.vfp11_veneer   0x0000000008004338        0x0
 .vfp11_veneer  0x0000000008004338        0x0 linker stubs

.v4_bx          0x0000000008004338        0x0
 .v4_bx         0x0000000008004338        0x0 linker stubs

.iplt           0x0000000008004338        0x0
 .iplt          0x0000000008004338        0x0 c:/st/stm32cubeide_1.3.0/stm32cubeide/plugins/com.st.stm32cube.ide.mcu.externaltools.gnu-tools-for-stm32.7-2018-q2-update.win32_1.0.0.201904181610/tools/bin/../lib/gcc/arm-none-eabi/7.3.1/thumb/v7-m/crtbegin.o

.rodata         0x0000000008004338       0x58
                0x0000000008004338                . = ALIGN (0x4)
 *(.rodata)
 .rodata        0x0000000008004338       0x20 Drivers/STM32F1xx_HAL_Driver/Src/stm32f1xx_hal_rcc.o
 .rodata        0x0000000008004358       0x20 Drivers/STM32F1xx_HAL_Driver/Src/stm32f1xx_hal_rcc_ex.o
 *(.rodata*)
 .rodata.AHBPrescTable
                0x0000000008004378       0x10 Core/Src/system_stm32f1xx.o
                0x0000000008004378                AHBPrescTable
 .rodata.APBPrescTable
                0x0000000008004388        0x8 Core/Src/system_stm32f1xx.o
                0x0000000008004388                APBPrescTable
                0x0000000008004390                . = ALIGN (0x4)

.ARM.extab      0x0000000008004390        0x0
                0x0000000008004390                . = ALIGN (0x4)
 *(.ARM.extab* .gnu.linkonce.armextab.*)
                0x0000000008004390                . = ALIGN (0x4)

.ARM            0x0000000008004390        0x8
                0x0000000008004390                . = ALIGN (0x4)
                0x0000000008004390                __exidx_start = .
 *(.ARM.exidx*)
 .ARM.exidx     0x0000000008004390        0x8 c:/st/stm32cubeide_1.3.0/stm32cubeide/plugins/com.st.stm32cube.ide.mcu.externaltools.gnu-tools-for-stm32.7-2018-q2-update.win32_1.0.0.201904181610/tools/bin/../lib/gcc/arm-none-eabi/7.3.1/thumb/v7-m\libgcc.a(_udivmoddi4.o)
                0x0000000008004398                __exidx_end = .
                0x0000000008004398                . = ALIGN (0x4)

.rel.dyn        0x0000000008004398        0x0
 .rel.iplt      0x0000000008004398        0x0 c:/st/stm32cubeide_1.3.0/stm32cubeide/plugins/com.st.stm32cube.ide.mcu.externaltools.gnu-tools-for-stm32.7-2018-q2-update.win32_1.0.0.201904181610/tools/bin/../lib/gcc/arm-none-eabi/7.3.1/thumb/v7-m/crtbegin.o

.preinit_array  0x0000000008004398        0x0
                0x0000000008004398                . = ALIGN (0x4)
                0x0000000008004398                PROVIDE (__preinit_array_start = .)
 *(.preinit_array*)
                0x0000000008004398                PROVIDE (__preinit_array_end = .)
                0x0000000008004398                . = ALIGN (0x4)

.init_array     0x0000000008004398        0x4
                0x0000000008004398                . = ALIGN (0x4)
                0x0000000008004398                PROVIDE (__init_array_start = .)
 *(SORT_BY_NAME(.init_array.*))
 *(.init_array*)
 .init_array    0x0000000008004398        0x4 c:/st/stm32cubeide_1.3.0/stm32cubeide/plugins/com.st.stm32cube.ide.mcu.externaltools.gnu-tools-for-stm32.7-2018-q2-update.win32_1.0.0.201904181610/tools/bin/../lib/gcc/arm-none-eabi/7.3.1/thumb/v7-m/crtbegin.o
                0x000000000800439c                PROVIDE (__init_array_end = .)
                0x000000000800439c                . = ALIGN (0x4)

.fini_array     0x000000000800439c        0x4
                0x000000000800439c                . = ALIGN (0x4)
                [!provide]                        PROVIDE (__fini_array_start = .)
 *(SORT_BY_NAME(.fini_array.*))
 *(.fini_array*)
 .fini_array    0x000000000800439c        0x4 c:/st/stm32cubeide_1.3.0/stm32cubeide/plugins/com.st.stm32cube.ide.mcu.externaltools.gnu-tools-for-stm32.7-2018-q2-update.win32_1.0.0.201904181610/tools/bin/../lib/gcc/arm-none-eabi/7.3.1/thumb/v7-m/crtbegin.o
                [!provide]                        PROVIDE (__fini_array_end = .)
                0x00000000080043a0                . = ALIGN (0x4)
                0x00000000080043a0                _sidata = LOADADDR (.data)

.data           0x0000000020000000        0xc load address 0x00000000080043a0
                0x0000000020000000                . = ALIGN (0x4)
                0x0000000020000000                _sdata = .
 *(.data)
 *(.data*)
 .data.SystemCoreClock
                0x0000000020000000        0x4 Core/Src/system_stm32f1xx.o
                0x0000000020000000                SystemCoreClock
 .data.uwTickPrio
                0x0000000020000004        0x4 Drivers/STM32F1xx_HAL_Driver/Src/stm32f1xx_hal.o
                0x0000000020000004                uwTickPrio
 .data.uwTickFreq
                0x0000000020000008        0x1 Drivers/STM32F1xx_HAL_Driver/Src/stm32f1xx_hal.o
                0x0000000020000008                uwTickFreq
                0x000000002000000c                . = ALIGN (0x4)
 *fill*         0x0000000020000009        0x3 
                0x000000002000000c                _edata = .

.igot.plt       0x000000002000000c        0x0 load address 0x00000000080043ac
 .igot.plt      0x000000002000000c        0x0 c:/st/stm32cubeide_1.3.0/stm32cubeide/plugins/com.st.stm32cube.ide.mcu.externaltools.gnu-tools-for-stm32.7-2018-q2-update.win32_1.0.0.201904181610/tools/bin/../lib/gcc/arm-none-eabi/7.3.1/thumb/v7-m/crtbegin.o
                0x000000002000000c                . = ALIGN (0x4)

.bss            0x000000002000000c       0x80 load address 0x00000000080043ac
                0x000000002000000c                _sbss = .
                0x000000002000000c                __bss_start__ = _sbss
 *(.bss)
 .bss           0x000000002000000c       0x1c c:/st/stm32cubeide_1.3.0/stm32cubeide/plugins/com.st.stm32cube.ide.mcu.externaltools.gnu-tools-for-stm32.7-2018-q2-update.win32_1.0.0.201904181610/tools/bin/../lib/gcc/arm-none-eabi/7.3.1/thumb/v7-m/crtbegin.o
 *(.bss*)
 .bss.alarmflag
                0x0000000020000028        0x1 Core/Src/main.o
                0x0000000020000028                alarmflag
 *fill*         0x0000000020000029        0x3 
 .bss.sAlarm    0x000000002000002c        0x8 Core/Src/main.o
                0x000000002000002c                sAlarm
 *(COMMON)
 COMMON         0x0000000020000034       0x54 Core/Src/main.o
                0x0000000020000034                hrtc
                0x0000000020000048                htim1
 COMMON         0x0000000020000088        0x4 Drivers/STM32F1xx_HAL_Driver/Src/stm32f1xx_hal.o
                0x0000000020000088                uwTick
                0x000000002000008c                . = ALIGN (0x4)
                0x000000002000008c                _ebss = .
                0x000000002000008c                __bss_end__ = _ebss

._user_heap_stack
                0x000000002000008c      0x604 load address 0x00000000080043ac
                0x0000000020000090                . = ALIGN (0x8)
 *fill*         0x000000002000008c        0x4 
                0x0000000020000090                PROVIDE (end = .)
                [!provide]                        PROVIDE (_end = .)
                0x0000000020000290                . = (. + _Min_Heap_Size)
 *fill*         0x0000000020000090      0x200 
                0x0000000020000690                . = (. + _Min_Stack_Size)
 *fill*         0x0000000020000290      0x400 
                0x0000000020000690                . = ALIGN (0x8)

/DISCARD/
 libc.a(*)
 libm.a(*)
 libgcc.a(*)

.ARM.attributes
                0x0000000000000000       0x29
 *(.ARM.attributes)
 .ARM.attributes
                0x0000000000000000       0x1d c:/st/stm32cubeide_1.3.0/stm32cubeide/plugins/com.st.stm32cube.ide.mcu.externaltools.gnu-tools-for-stm32.7-2018-q2-update.win32_1.0.0.201904181610/tools/bin/../lib/gcc/arm-none-eabi/7.3.1/thumb/v7-m/crti.o
 .ARM.attributes
                0x000000000000001d       0x2d c:/st/stm32cubeide_1.3.0/stm32cubeide/plugins/com.st.stm32cube.ide.mcu.externaltools.gnu-tools-for-stm32.7-2018-q2-update.win32_1.0.0.201904181610/tools/bin/../lib/gcc/arm-none-eabi/7.3.1/thumb/v7-m/crtbegin.o
 .ARM.attributes
                0x000000000000004a       0x33 Core/Src/main.o
 .ARM.attributes
                0x000000000000007d       0x33 Core/Src/stm32f1xx_hal_msp.o
 .ARM.attributes
                0x00000000000000b0       0x33 Core/Src/stm32f1xx_it.o
 .ARM.attributes
                0x00000000000000e3       0x33 Core/Src/system_stm32f1xx.o
 .ARM.attributes
                0x0000000000000116       0x21 Core/Startup/startup_stm32f107vctx.o
 .ARM.attributes
                0x0000000000000137       0x33 Drivers/STM32F1xx_HAL_Driver/Src/stm32f1xx_hal.o
 .ARM.attributes
                0x000000000000016a       0x33 Drivers/STM32F1xx_HAL_Driver/Src/stm32f1xx_hal_cortex.o
 .ARM.attributes
                0x000000000000019d       0x33 Drivers/STM32F1xx_HAL_Driver/Src/stm32f1xx_hal_gpio.o
 .ARM.attributes
                0x00000000000001d0       0x33 Drivers/STM32F1xx_HAL_Driver/Src/stm32f1xx_hal_pwr.o
 .ARM.attributes
                0x0000000000000203       0x33 Drivers/STM32F1xx_HAL_Driver/Src/stm32f1xx_hal_rcc.o
 .ARM.attributes
                0x0000000000000236       0x33 Drivers/STM32F1xx_HAL_Driver/Src/stm32f1xx_hal_rcc_ex.o
 .ARM.attributes
                0x0000000000000269       0x33 Drivers/STM32F1xx_HAL_Driver/Src/stm32f1xx_hal_rtc.o
 .ARM.attributes
                0x000000000000029c       0x33 Drivers/STM32F1xx_HAL_Driver/Src/stm32f1xx_hal_rtc_ex.o
 .ARM.attributes
                0x00000000000002cf       0x33 Drivers/STM32F1xx_HAL_Driver/Src/stm32f1xx_hal_tim.o
 .ARM.attributes
                0x0000000000000302       0x33 Drivers/STM32F1xx_HAL_Driver/Src/stm32f1xx_hal_tim_ex.o
 .ARM.attributes
                0x0000000000000335       0x2d c:/st/stm32cubeide_1.3.0/stm32cubeide/plugins/com.st.stm32cube.ide.mcu.externaltools.gnu-tools-for-stm32.7-2018-q2-update.win32_1.0.0.201904181610/tools/bin/../lib/gcc/arm-none-eabi/7.3.1/../../../../arm-none-eabi/lib/thumb/v7-m\libc_nano.a(lib_a-init.o)
 .ARM.attributes
                0x0000000000000362       0x2d c:/st/stm32cubeide_1.3.0/stm32cubeide/plugins/com.st.stm32cube.ide.mcu.externaltools.gnu-tools-for-stm32.7-2018-q2-update.win32_1.0.0.201904181610/tools/bin/../lib/gcc/arm-none-eabi/7.3.1/../../../../arm-none-eabi/lib/thumb/v7-m\libc_nano.a(lib_a-memset.o)
 .ARM.attributes
                0x000000000000038f       0x1d c:/st/stm32cubeide_1.3.0/stm32cubeide/plugins/com.st.stm32cube.ide.mcu.externaltools.gnu-tools-for-stm32.7-2018-q2-update.win32_1.0.0.201904181610/tools/bin/../lib/gcc/arm-none-eabi/7.3.1/thumb/v7-m\libgcc.a(_aeabi_uldivmod.o)
 .ARM.attributes
                0x00000000000003ac       0x2d c:/st/stm32cubeide_1.3.0/stm32cubeide/plugins/com.st.stm32cube.ide.mcu.externaltools.gnu-tools-for-stm32.7-2018-q2-update.win32_1.0.0.201904181610/tools/bin/../lib/gcc/arm-none-eabi/7.3.1/thumb/v7-m\libgcc.a(_udivmoddi4.o)
 .ARM.attributes
                0x00000000000003d9       0x1d c:/st/stm32cubeide_1.3.0/stm32cubeide/plugins/com.st.stm32cube.ide.mcu.externaltools.gnu-tools-for-stm32.7-2018-q2-update.win32_1.0.0.201904181610/tools/bin/../lib/gcc/arm-none-eabi/7.3.1/thumb/v7-m\libgcc.a(_dvmd_tls.o)
 .ARM.attributes
                0x00000000000003f6       0x1d c:/st/stm32cubeide_1.3.0/stm32cubeide/plugins/com.st.stm32cube.ide.mcu.externaltools.gnu-tools-for-stm32.7-2018-q2-update.win32_1.0.0.201904181610/tools/bin/../lib/gcc/arm-none-eabi/7.3.1/thumb/v7-m/crtn.o
OUTPUT(midterm1.elf elf32-littlearm)

.debug_info     0x0000000000000000     0xa3af
 .debug_info    0x0000000000000000     0x11d4 Core/Src/main.o
 .debug_info    0x00000000000011d4      0xcc5 Core/Src/stm32f1xx_hal_msp.o
 .debug_info    0x0000000000001e99      0x423 Core/Src/stm32f1xx_it.o
 .debug_info    0x00000000000022bc      0x46b Core/Src/system_stm32f1xx.o
 .debug_info    0x0000000000002727       0x22 Core/Startup/startup_stm32f107vctx.o
 .debug_info    0x0000000000002749      0x784 Drivers/STM32F1xx_HAL_Driver/Src/stm32f1xx_hal.o
 .debug_info    0x0000000000002ecd      0xbb2 Drivers/STM32F1xx_HAL_Driver/Src/stm32f1xx_hal_cortex.o
 .debug_info    0x0000000000003a7f      0x69b Drivers/STM32F1xx_HAL_Driver/Src/stm32f1xx_hal_gpio.o
 .debug_info    0x000000000000411a      0x6f1 Drivers/STM32F1xx_HAL_Driver/Src/stm32f1xx_hal_pwr.o
 .debug_info    0x000000000000480b      0x8a5 Drivers/STM32F1xx_HAL_Driver/Src/stm32f1xx_hal_rcc.o
 .debug_info    0x00000000000050b0      0x5f1 Drivers/STM32F1xx_HAL_Driver/Src/stm32f1xx_hal_rcc_ex.o
 .debug_info    0x00000000000056a1      0xec0 Drivers/STM32F1xx_HAL_Driver/Src/stm32f1xx_hal_rtc.o
 .debug_info    0x0000000000006561      0x8f4 Drivers/STM32F1xx_HAL_Driver/Src/stm32f1xx_hal_rtc_ex.o
 .debug_info    0x0000000000006e55     0x2456 Drivers/STM32F1xx_HAL_Driver/Src/stm32f1xx_hal_tim.o
 .debug_info    0x00000000000092ab     0x1104 Drivers/STM32F1xx_HAL_Driver/Src/stm32f1xx_hal_tim_ex.o

.debug_abbrev   0x0000000000000000     0x1abe
 .debug_abbrev  0x0000000000000000      0x212 Core/Src/main.o
 .debug_abbrev  0x0000000000000212      0x1c0 Core/Src/stm32f1xx_hal_msp.o
 .debug_abbrev  0x00000000000003d2      0x123 Core/Src/stm32f1xx_it.o
 .debug_abbrev  0x00000000000004f5      0x12b Core/Src/system_stm32f1xx.o
 .debug_abbrev  0x0000000000000620       0x12 Core/Startup/startup_stm32f107vctx.o
 .debug_abbrev  0x0000000000000632      0x1d8 Drivers/STM32F1xx_HAL_Driver/Src/stm32f1xx_hal.o
 .debug_abbrev  0x000000000000080a      0x2d5 Drivers/STM32F1xx_HAL_Driver/Src/stm32f1xx_hal_cortex.o
 .debug_abbrev  0x0000000000000adf      0x1c0 Drivers/STM32F1xx_HAL_Driver/Src/stm32f1xx_hal_gpio.o
 .debug_abbrev  0x0000000000000c9f      0x1f2 Drivers/STM32F1xx_HAL_Driver/Src/stm32f1xx_hal_pwr.o
 .debug_abbrev  0x0000000000000e91      0x227 Drivers/STM32F1xx_HAL_Driver/Src/stm32f1xx_hal_rcc.o
 .debug_abbrev  0x00000000000010b8      0x191 Drivers/STM32F1xx_HAL_Driver/Src/stm32f1xx_hal_rcc_ex.o
 .debug_abbrev  0x0000000000001249      0x20a Drivers/STM32F1xx_HAL_Driver/Src/stm32f1xx_hal_rtc.o
 .debug_abbrev  0x0000000000001453      0x21d Drivers/STM32F1xx_HAL_Driver/Src/stm32f1xx_hal_rtc_ex.o
 .debug_abbrev  0x0000000000001670      0x230 Drivers/STM32F1xx_HAL_Driver/Src/stm32f1xx_hal_tim.o
 .debug_abbrev  0x00000000000018a0      0x21e Drivers/STM32F1xx_HAL_Driver/Src/stm32f1xx_hal_tim_ex.o

.debug_aranges  0x0000000000000000      0xba8
 .debug_aranges
                0x0000000000000000       0x58 Core/Src/main.o
 .debug_aranges
                0x0000000000000058       0x48 Core/Src/stm32f1xx_hal_msp.o
 .debug_aranges
                0x00000000000000a0       0x80 Core/Src/stm32f1xx_it.o
 .debug_aranges
                0x0000000000000120       0x28 Core/Src/system_stm32f1xx.o
 .debug_aranges
                0x0000000000000148       0x28 Core/Startup/startup_stm32f107vctx.o
 .debug_aranges
                0x0000000000000170       0xe0 Drivers/STM32F1xx_HAL_Driver/Src/stm32f1xx_hal.o
 .debug_aranges
                0x0000000000000250      0x100 Drivers/STM32F1xx_HAL_Driver/Src/stm32f1xx_hal_cortex.o
 .debug_aranges
                0x0000000000000350       0x58 Drivers/STM32F1xx_HAL_Driver/Src/stm32f1xx_hal_gpio.o
 .debug_aranges
                0x00000000000003a8       0xa8 Drivers/STM32F1xx_HAL_Driver/Src/stm32f1xx_hal_pwr.o
 .debug_aranges
                0x0000000000000450       0x90 Drivers/STM32F1xx_HAL_Driver/Src/stm32f1xx_hal_rcc.o
 .debug_aranges
                0x00000000000004e0       0x50 Drivers/STM32F1xx_HAL_Driver/Src/stm32f1xx_hal_rcc_ex.o
 .debug_aranges
                0x0000000000000530       0xf8 Drivers/STM32F1xx_HAL_Driver/Src/stm32f1xx_hal_rtc.o
 .debug_aranges
                0x0000000000000628       0x88 Drivers/STM32F1xx_HAL_Driver/Src/stm32f1xx_hal_rtc_ex.o
 .debug_aranges
                0x00000000000006b0      0x3a8 Drivers/STM32F1xx_HAL_Driver/Src/stm32f1xx_hal_tim.o
 .debug_aranges
                0x0000000000000a58      0x150 Drivers/STM32F1xx_HAL_Driver/Src/stm32f1xx_hal_tim_ex.o

.debug_ranges   0x0000000000000000      0xac0
 .debug_ranges  0x0000000000000000       0x48 Core/Src/main.o
 .debug_ranges  0x0000000000000048       0x38 Core/Src/stm32f1xx_hal_msp.o
 .debug_ranges  0x0000000000000080       0x70 Core/Src/stm32f1xx_it.o
 .debug_ranges  0x00000000000000f0       0x18 Core/Src/system_stm32f1xx.o
 .debug_ranges  0x0000000000000108       0x20 Core/Startup/startup_stm32f107vctx.o
 .debug_ranges  0x0000000000000128       0xd0 Drivers/STM32F1xx_HAL_Driver/Src/stm32f1xx_hal.o
 .debug_ranges  0x00000000000001f8       0xf0 Drivers/STM32F1xx_HAL_Driver/Src/stm32f1xx_hal_cortex.o
 .debug_ranges  0x00000000000002e8       0x48 Drivers/STM32F1xx_HAL_Driver/Src/stm32f1xx_hal_gpio.o
 .debug_ranges  0x0000000000000330       0x98 Drivers/STM32F1xx_HAL_Driver/Src/stm32f1xx_hal_pwr.o
 .debug_ranges  0x00000000000003c8       0x80 Drivers/STM32F1xx_HAL_Driver/Src/stm32f1xx_hal_rcc.o
 .debug_ranges  0x0000000000000448       0x40 Drivers/STM32F1xx_HAL_Driver/Src/stm32f1xx_hal_rcc_ex.o
 .debug_ranges  0x0000000000000488       0xe8 Drivers/STM32F1xx_HAL_Driver/Src/stm32f1xx_hal_rtc.o
 .debug_ranges  0x0000000000000570       0x78 Drivers/STM32F1xx_HAL_Driver/Src/stm32f1xx_hal_rtc_ex.o
 .debug_ranges  0x00000000000005e8      0x398 Drivers/STM32F1xx_HAL_Driver/Src/stm32f1xx_hal_tim.o
 .debug_ranges  0x0000000000000980      0x140 Drivers/STM32F1xx_HAL_Driver/Src/stm32f1xx_hal_tim_ex.o

.debug_macro    0x0000000000000000    0x1bcd8
 .debug_macro   0x0000000000000000      0x1b3 Core/Src/main.o
 .debug_macro   0x00000000000001b3      0xa5a Core/Src/main.o
 .debug_macro   0x0000000000000c0d      0x21b Core/Src/main.o
 .debug_macro   0x0000000000000e28       0x2e Core/Src/main.o
 .debug_macro   0x0000000000000e56       0x22 Core/Src/main.o
 .debug_macro   0x0000000000000e78       0x22 Core/Src/main.o
 .debug_macro   0x0000000000000e9a       0x8e Core/Src/main.o
 .debug_macro   0x0000000000000f28       0x51 Core/Src/main.o
 .debug_macro   0x0000000000000f79       0xef Core/Src/main.o
 .debug_macro   0x0000000000001068       0x6a Core/Src/main.o
 .debug_macro   0x00000000000010d2      0x1df Core/Src/main.o
 .debug_macro   0x00000000000012b1       0x1c Core/Src/main.o
 .debug_macro   0x00000000000012cd       0x22 Core/Src/main.o
 .debug_macro   0x00000000000012ef       0xc3 Core/Src/main.o
 .debug_macro   0x00000000000013b2      0xd23 Core/Src/main.o
 .debug_macro   0x00000000000020d5    0x15c59 Core/Src/main.o
 .debug_macro   0x0000000000017d2e       0x43 Core/Src/main.o
 .debug_macro   0x0000000000017d71      0x174 Core/Src/main.o
 .debug_macro   0x0000000000017ee5       0x5a Core/Src/main.o
 .debug_macro   0x0000000000017f3f      0x5be Core/Src/main.o
 .debug_macro   0x00000000000184fd      0x6b4 Core/Src/main.o
 .debug_macro   0x0000000000018bb1      0x1cb Core/Src/main.o
 .debug_macro   0x0000000000018d7c      0x114 Core/Src/main.o
 .debug_macro   0x0000000000018e90      0x214 Core/Src/main.o
 .debug_macro   0x00000000000190a4       0x27 Core/Src/main.o
 .debug_macro   0x00000000000190cb      0x13c Core/Src/main.o
 .debug_macro   0x0000000000019207      0x1bc Core/Src/main.o
 .debug_macro   0x00000000000193c3       0x30 Core/Src/main.o
 .debug_macro   0x00000000000193f3       0x3c Core/Src/main.o
 .debug_macro   0x000000000001942f       0x57 Core/Src/main.o
 .debug_macro   0x0000000000019486       0x88 Core/Src/main.o
 .debug_macro   0x000000000001950e      0x24f Core/Src/main.o
 .debug_macro   0x000000000001975d      0x141 Core/Src/main.o
 .debug_macro   0x000000000001989e      0x1ef Core/Src/main.o
 .debug_macro   0x0000000000019a8d      0x1cc Core/Src/main.o
 .debug_macro   0x0000000000019c59      0x88b Core/Src/main.o
 .debug_macro   0x000000000001a4e4       0xdf Core/Src/main.o
 .debug_macro   0x000000000001a5c3       0x82 Core/Src/main.o
 .debug_macro   0x000000000001a645      0x1b3 Core/Src/stm32f1xx_hal_msp.o
 .debug_macro   0x000000000001a7f8      0x1bd Core/Src/stm32f1xx_it.o
 .debug_macro   0x000000000001a9b5      0x1aa Core/Src/system_stm32f1xx.o
 .debug_macro   0x000000000001ab5f      0x1c8 Drivers/STM32F1xx_HAL_Driver/Src/stm32f1xx_hal.o
 .debug_macro   0x000000000001ad27      0x1a4 Drivers/STM32F1xx_HAL_Driver/Src/stm32f1xx_hal_cortex.o
 .debug_macro   0x000000000001aecb      0x20f Drivers/STM32F1xx_HAL_Driver/Src/stm32f1xx_hal_gpio.o
 .debug_macro   0x000000000001b0da      0x204 Drivers/STM32F1xx_HAL_Driver/Src/stm32f1xx_hal_pwr.o
 .debug_macro   0x000000000001b2de      0x1b6 Drivers/STM32F1xx_HAL_Driver/Src/stm32f1xx_hal_rcc.o
 .debug_macro   0x000000000001b494      0x1a4 Drivers/STM32F1xx_HAL_Driver/Src/stm32f1xx_hal_rcc_ex.o
 .debug_macro   0x000000000001b638      0x1b3 Drivers/STM32F1xx_HAL_Driver/Src/stm32f1xx_hal_rtc.o
 .debug_macro   0x000000000001b7eb      0x1a4 Drivers/STM32F1xx_HAL_Driver/Src/stm32f1xx_hal_rtc_ex.o
 .debug_macro   0x000000000001b98f      0x1a5 Drivers/STM32F1xx_HAL_Driver/Src/stm32f1xx_hal_tim.o
 .debug_macro   0x000000000001bb34      0x1a4 Drivers/STM32F1xx_HAL_Driver/Src/stm32f1xx_hal_tim_ex.o

.debug_line     0x0000000000000000     0x85cd
 .debug_line    0x0000000000000000      0x7d5 Core/Src/main.o
 .debug_line    0x00000000000007d5      0x6be Core/Src/stm32f1xx_hal_msp.o
 .debug_line    0x0000000000000e93      0x740 Core/Src/stm32f1xx_it.o
 .debug_line    0x00000000000015d3      0x686 Core/Src/system_stm32f1xx.o
 .debug_line    0x0000000000001c59       0x86 Core/Startup/startup_stm32f107vctx.o
 .debug_line    0x0000000000001cdf      0x82a Drivers/STM32F1xx_HAL_Driver/Src/stm32f1xx_hal.o
 .debug_line    0x0000000000002509      0x901 Drivers/STM32F1xx_HAL_Driver/Src/stm32f1xx_hal_cortex.o
 .debug_line    0x0000000000002e0a      0x828 Drivers/STM32F1xx_HAL_Driver/Src/stm32f1xx_hal_gpio.o
 .debug_line    0x0000000000003632      0x7cd Drivers/STM32F1xx_HAL_Driver/Src/stm32f1xx_hal_pwr.o
 .debug_line    0x0000000000003dff      0x939 Drivers/STM32F1xx_HAL_Driver/Src/stm32f1xx_hal_rcc.o
 .debug_line    0x0000000000004738      0x81f Drivers/STM32F1xx_HAL_Driver/Src/stm32f1xx_hal_rcc_ex.o
 .debug_line    0x0000000000004f57      0xad5 Drivers/STM32F1xx_HAL_Driver/Src/stm32f1xx_hal_rtc.o
 .debug_line    0x0000000000005a2c      0x869 Drivers/STM32F1xx_HAL_Driver/Src/stm32f1xx_hal_rtc_ex.o
 .debug_line    0x0000000000006295     0x16fd Drivers/STM32F1xx_HAL_Driver/Src/stm32f1xx_hal_tim.o
 .debug_line    0x0000000000007992      0xc3b Drivers/STM32F1xx_HAL_Driver/Src/stm32f1xx_hal_tim_ex.o

.debug_str      0x0000000000000000    0x9e52f
 .debug_str     0x0000000000000000    0x9b83c Core/Src/main.o
                                      0x9bc0e (size before relaxing)
 .debug_str     0x000000000009b83c       0xcb Core/Src/stm32f1xx_hal_msp.o
                                      0x9b76c (size before relaxing)
 .debug_str     0x000000000009b907      0x109 Core/Src/stm32f1xx_it.o
                                      0x9afd3 (size before relaxing)
 .debug_str     0x000000000009ba10       0xf5 Core/Src/system_stm32f1xx.o
                                      0x9ac33 (size before relaxing)
 .debug_str     0x000000000009bb05       0x36 Core/Startup/startup_stm32f107vctx.o
                                         0x71 (size before relaxing)
 .debug_str     0x000000000009bb3b      0x3c5 Drivers/STM32F1xx_HAL_Driver/Src/stm32f1xx_hal.o
                                      0x9b302 (size before relaxing)
 .debug_str     0x000000000009bf00      0x2c8 Drivers/STM32F1xx_HAL_Driver/Src/stm32f1xx_hal_cortex.o
                                      0x9b302 (size before relaxing)
 .debug_str     0x000000000009c1c8      0x304 Drivers/STM32F1xx_HAL_Driver/Src/stm32f1xx_hal_gpio.o
                                      0x9af50 (size before relaxing)
 .debug_str     0x000000000009c4cc      0x520 Drivers/STM32F1xx_HAL_Driver/Src/stm32f1xx_hal_pwr.o
                                      0x9b0ef (size before relaxing)
 .debug_str     0x000000000009c9ec      0x272 Drivers/STM32F1xx_HAL_Driver/Src/stm32f1xx_hal_rcc.o
                                      0x9aff6 (size before relaxing)
 .debug_str     0x000000000009cc5e      0x139 Drivers/STM32F1xx_HAL_Driver/Src/stm32f1xx_hal_rcc_ex.o
                                      0x9ae29 (size before relaxing)
 .debug_str     0x000000000009cd97      0x3d5 Drivers/STM32F1xx_HAL_Driver/Src/stm32f1xx_hal_rtc.o
                                      0x9b139 (size before relaxing)
 .debug_str     0x000000000009d16c      0x206 Drivers/STM32F1xx_HAL_Driver/Src/stm32f1xx_hal_rtc_ex.o
                                      0x9af96 (size before relaxing)
 .debug_str     0x000000000009d372      0xd22 Drivers/STM32F1xx_HAL_Driver/Src/stm32f1xx_hal_tim.o
                                      0x9bd46 (size before relaxing)
 .debug_str     0x000000000009e094      0x49b Drivers/STM32F1xx_HAL_Driver/Src/stm32f1xx_hal_tim_ex.o
                                      0x9b546 (size before relaxing)

.comment        0x0000000000000000       0x7b
 .comment       0x0000000000000000       0x7b Core/Src/main.o
                                         0x7c (size before relaxing)
 .comment       0x000000000000007b       0x7c Core/Src/stm32f1xx_hal_msp.o
 .comment       0x000000000000007b       0x7c Core/Src/stm32f1xx_it.o
 .comment       0x000000000000007b       0x7c Core/Src/system_stm32f1xx.o
 .comment       0x000000000000007b       0x7c Drivers/STM32F1xx_HAL_Driver/Src/stm32f1xx_hal.o
 .comment       0x000000000000007b       0x7c Drivers/STM32F1xx_HAL_Driver/Src/stm32f1xx_hal_cortex.o
 .comment       0x000000000000007b       0x7c Drivers/STM32F1xx_HAL_Driver/Src/stm32f1xx_hal_gpio.o
 .comment       0x000000000000007b       0x7c Drivers/STM32F1xx_HAL_Driver/Src/stm32f1xx_hal_pwr.o
 .comment       0x000000000000007b       0x7c Drivers/STM32F1xx_HAL_Driver/Src/stm32f1xx_hal_rcc.o
 .comment       0x000000000000007b       0x7c Drivers/STM32F1xx_HAL_Driver/Src/stm32f1xx_hal_rcc_ex.o
 .comment       0x000000000000007b       0x7c Drivers/STM32F1xx_HAL_Driver/Src/stm32f1xx_hal_rtc.o
 .comment       0x000000000000007b       0x7c Drivers/STM32F1xx_HAL_Driver/Src/stm32f1xx_hal_rtc_ex.o
 .comment       0x000000000000007b       0x7c Drivers/STM32F1xx_HAL_Driver/Src/stm32f1xx_hal_tim.o
 .comment       0x000000000000007b       0x7c Drivers/STM32F1xx_HAL_Driver/Src/stm32f1xx_hal_tim_ex.o

.debug_frame    0x0000000000000000     0x2ffc
 .debug_frame   0x0000000000000000      0x128 Core/Src/main.o
 .debug_frame   0x0000000000000128       0xf4 Core/Src/stm32f1xx_hal_msp.o
 .debug_frame   0x000000000000021c      0x17c Core/Src/stm32f1xx_it.o
 .debug_frame   0x0000000000000398       0x58 Core/Src/system_stm32f1xx.o
 .debug_frame   0x00000000000003f0      0x334 Drivers/STM32F1xx_HAL_Driver/Src/stm32f1xx_hal.o
 .debug_frame   0x0000000000000724      0x428 Drivers/STM32F1xx_HAL_Driver/Src/stm32f1xx_hal_cortex.o
 .debug_frame   0x0000000000000b4c      0x14c Drivers/STM32F1xx_HAL_Driver/Src/stm32f1xx_hal_gpio.o
 .debug_frame   0x0000000000000c98      0x270 Drivers/STM32F1xx_HAL_Driver/Src/stm32f1xx_hal_pwr.o
 .debug_frame   0x0000000000000f08      0x220 Drivers/STM32F1xx_HAL_Driver/Src/stm32f1xx_hal_rcc.o
 .debug_frame   0x0000000000001128      0x118 Drivers/STM32F1xx_HAL_Driver/Src/stm32f1xx_hal_rcc_ex.o
 .debug_frame   0x0000000000001240      0x434 Drivers/STM32F1xx_HAL_Driver/Src/stm32f1xx_hal_rtc.o
 .debug_frame   0x0000000000001674      0x234 Drivers/STM32F1xx_HAL_Driver/Src/stm32f1xx_hal_rtc_ex.o
 .debug_frame   0x00000000000018a8     0x10e8 Drivers/STM32F1xx_HAL_Driver/Src/stm32f1xx_hal_tim.o
 .debug_frame   0x0000000000002990      0x5c0 Drivers/STM32F1xx_HAL_Driver/Src/stm32f1xx_hal_tim_ex.o
 .debug_frame   0x0000000000002f50       0x2c c:/st/stm32cubeide_1.3.0/stm32cubeide/plugins/com.st.stm32cube.ide.mcu.externaltools.gnu-tools-for-stm32.7-2018-q2-update.win32_1.0.0.201904181610/tools/bin/../lib/gcc/arm-none-eabi/7.3.1/../../../../arm-none-eabi/lib/thumb/v7-m\libc_nano.a(lib_a-init.o)
 .debug_frame   0x0000000000002f7c       0x20 c:/st/stm32cubeide_1.3.0/stm32cubeide/plugins/com.st.stm32cube.ide.mcu.externaltools.gnu-tools-for-stm32.7-2018-q2-update.win32_1.0.0.201904181610/tools/bin/../lib/gcc/arm-none-eabi/7.3.1/../../../../arm-none-eabi/lib/thumb/v7-m\libc_nano.a(lib_a-memset.o)
 .debug_frame   0x0000000000002f9c       0x2c c:/st/stm32cubeide_1.3.0/stm32cubeide/plugins/com.st.stm32cube.ide.mcu.externaltools.gnu-tools-for-stm32.7-2018-q2-update.win32_1.0.0.201904181610/tools/bin/../lib/gcc/arm-none-eabi/7.3.1/thumb/v7-m\libgcc.a(_aeabi_uldivmod.o)
 .debug_frame   0x0000000000002fc8       0x34 c:/st/stm32cubeide_1.3.0/stm32cubeide/plugins/com.st.stm32cube.ide.mcu.externaltools.gnu-tools-for-stm32.7-2018-q2-update.win32_1.0.0.201904181610/tools/bin/../lib/gcc/arm-none-eabi/7.3.1/thumb/v7-m\libgcc.a(_udivmoddi4.o)
